// Jest Snapshot v1, https://goo.gl/fbAQLP

exports[`renders app correctly 1`] = `
<View
  pointerEvents="box-none"
  style={
    Object {
      "flex": 1,
    }
  }
>
  <View
    collapsable={true}
    pointerEvents="box-none"
    style={
      Object {
        "flex": 1,
      }
    }
  >
    <I18nextProvider
      i18n={
        Object {
          "use": [Function],
        }
      }
    >
      <View
        style={
          Object {
            "flex": 1,
          }
        }
      >
        <SafeAreaView
          style={
            Array [
              Object {
                "flex": 0,
              },
            ]
          }
        />
        <SafeAreaView
          style={
            Array [
              Object {
                "flex": 1,
              },
            ]
          }
        >
          <Text
            style={
              Array [
                undefined,
                Object {
                  "fontSize": 24,
                  "fontWeight": "bold",
                },
              ]
            }
          >
            H1
          </Text>
          <Text
            style={
              Array [
                undefined,
                Object {
                  "fontSize": 22,
                  "fontWeight": "bold",
                },
              ]
            }
          >
            H2
          </Text>
          <Text
            style={
              Array [
                undefined,
                Object {
                  "fontSize": 20,
                  "fontWeight": "bold",
                },
              ]
            }
          >
            H3
          </Text>
          <Text
            style={
              Array [
                undefined,
                Object {
                  "fontSize": 18,
                  "fontWeight": "bold",
                },
              ]
            }
          >
            H4
          </Text>
          <Text
            style={
              Array [
                undefined,
                Object {
                  "fontSize": 16,
                  "fontWeight": "bold",
                },
              ]
            }
          >
            H5
          </Text>
          <Text
            style={
              Array [
                undefined,
                Object {
                  "fontSize": 14,
                  "fontWeight": "bold",
                },
              ]
            }
          >
            H6
          </Text>
          <Text
            style={
              Array [
                undefined,
                Object {
                  "fontSize": 13,
                  "fontWeight": "bold",
                },
              ]
            }
          >
            label
          </Text>
          <Text
            style={
              Array [
                undefined,
                Object {
                  "fontSize": 12,
                },
              ]
            }
          >
            paragraph
          </Text>
          <Text
            style={
              Array [
                undefined,
                Object {
                  "fontSize": 12,
                },
              ]
            }
          >
            UPPERCASE
          </Text>
          <Text
            style={
              Array [
                undefined,
                Object {
                  "fontSize": 12,
                },
              ]
            }
          >
            lowercase
          </Text>
          <Text
            style={
              Array [
                undefined,
                Object {
                  "fontSize": 12,
                },
              ]
            }
          >
            settings
          </Text>
        </SafeAreaView>
      </View>
    </I18nextProvider>
  </View>
</View>
`;
